// Jest Snapshot v1, https://goo.gl/fbAQLP

exports[`should render 1`] = `
<ContinentScreen
  data={{}}
  navigation={{}}
  responseStatus="LOADING"
/>
`;
