// Jest Snapshot v1, https://goo.gl/fbAQLP

exports[`should render with globeOrientation as 1 1`] = `
<Memo(Pressable)
  style={
    {
      "alignItems": "center",
      "width": "100%",
    }
  }
>
  <Text
    style={
      {
        "color": "#EEF",
        "fontSize": 50,
        "textAlign": "center",
      }
    }
  >
    What in the world? 
    🌎
  </Text>
</Memo(Pressable)>
`;

exports[`should render with globeOrientation as 2 1`] = `
<Memo(Pressable)
  style={
    {
      "alignItems": "center",
      "width": "100%",
    }
  }
>
  <Text
    style={
      {
        "color": "#EEF",
        "fontSize": 50,
        "textAlign": "center",
      }
    }
  >
    What in the world? 
    🌍
  </Text>
</Memo(Pressable)>
`;

exports[`should render with globeOrientation as 3 1`] = `
<Memo(Pressable)
  style={
    {
      "alignItems": "center",
      "width": "100%",
    }
  }
>
  <Text
    style={
      {
        "color": "#EEF",
        "fontSize": 50,
        "textAlign": "center",
      }
    }
  >
    What in the world? 
    🌏
  </Text>
</Memo(Pressable)>
`;
