// Jest Snapshot v1, https://goo.gl/fbAQLP

exports[`should render 1`] = `
<Title
  globeOrientation={1}
  onPress={[Function]}
/>
`;
