// Jest Snapshot v1, https://goo.gl/fbAQLP

exports[`should render 1`] = `
<View
  style={
    {
      "backgroundColor": "#003",
      "bottom": 0,
      "left": 0,
      "paddingBottom": 0,
      "paddingLeft": 0,
      "paddingRight": 0,
      "paddingTop": 0,
      "position": "absolute",
      "right": 0,
      "top": 0,
    }
  }
/>
`;
